
> react-kavia@0.1.0 start
> react-scripts start

Attempting to bind to HOST environment variable: 0.0.0.0
If this was unintentional, check that you haven't mistakenly set it in your shell.
Learn more here: https://cra.link/advanced-config

(node:14655) [DEP_WEBPACK_DEV_SERVER_ON_AFTER_SETUP_MIDDLEWARE] DeprecationWarning: 'onAfterSetupMiddleware' option is deprecated. Please use the 'setupMiddlewares' option.
(Use `node --trace-deprecation ...` to show where the warning was created)
(node:14655) [DEP_WEBPACK_DEV_SERVER_ON_BEFORE_SETUP_MIDDLEWARE] DeprecationWarning: 'onBeforeSetupMiddleware' option is deprecated. Please use the 'setupMiddlewares' option.
Starting the development server...

Compiled successfully!

You can now view react-kavia in the browser.

  Local:            http://localhost:3000
  On Your Network:  http://172.17.0.2:3000

Note that the development build is not optimized.
To create a production build, use npm run build.

webpack compiled successfully
Compiling...
Failed to compile.

Module not found: Error: Can't resolve './assets/20250704_085053_Screenshot_2025-07-04_at_2.20.45_PM.png' in '/home/kavia/workspace/code-generation/sketchguess-challenge-105745-105766/frontend_react/src'
WARNING in [eslint] 
src/App.js
  Line 13:8:  'img6' is defined but never used  no-unused-vars

ERROR in ./src/App.js 17:0-84
Module not found: Error: Can't resolve './assets/20250704_085053_Screenshot_2025-07-04_at_2.20.45_PM.png' in '/home/kavia/workspace/code-generation/sketchguess-challenge-105745-105766/frontend_react/src'

webpack compiled with 1 error and 1 warning
Compiling...
Failed to compile.

Module not found: Error: Can't resolve './assets/20250704_085053_Screenshot_2025-07-04_at_2.20.45_PM.png' in '/home/kavia/workspace/code-generation/sketchguess-challenge-105745-105766/frontend_react/src'
WARNING in [eslint] 
src/App.js
  Line 13:8:  'img6' is defined but never used  no-unused-vars

ERROR in ./src/App.js 17:0-84
Module not found: Error: Can't resolve './assets/20250704_085053_Screenshot_2025-07-04_at_2.20.45_PM.png' in '/home/kavia/workspace/code-generation/sketchguess-challenge-105745-105766/frontend_react/src'

webpack compiled with 1 error and 1 warning
Compiling...
Failed to compile.

Module not found: Error: Can't resolve './assets/20250704_085053_Screenshot_2025-07-04_at_2.20.45_PM.png' in '/home/kavia/workspace/code-generation/sketchguess-challenge-105745-105766/frontend_react/src'
WARNING in [eslint] 
src/App.js
  Line 13:8:  'img6' is defined but never used  no-unused-vars

ERROR in ./src/App.js 17:0-84
Module not found: Error: Can't resolve './assets/20250704_085053_Screenshot_2025-07-04_at_2.20.45_PM.png' in '/home/kavia/workspace/code-generation/sketchguess-challenge-105745-105766/frontend_react/src'

webpack compiled with 1 error and 1 warning
Compiling...
Failed to compile.

Module not found: Error: Can't resolve './assets/20250704_085053_Screenshot_2025-07-04_at_2.20.45_PM.png' in '/home/kavia/workspace/code-generation/sketchguess-challenge-105745-105766/frontend_react/src'
WARNING in [eslint] 
src/App.js
  Line 13:8:  'img6' is defined but never used  no-unused-vars

ERROR in ./src/App.js 17:0-84
Module not found: Error: Can't resolve './assets/20250704_085053_Screenshot_2025-07-04_at_2.20.45_PM.png' in '/home/kavia/workspace/code-generation/sketchguess-challenge-105745-105766/frontend_react/src'

webpack compiled with 1 error and 1 warning
Compiling...
Compiled with warnings.

[eslint] 
src/App.js
  Line 13:8:  'img6' is defined but never used  no-unused-vars

Search for the keywords to learn more about each warning.
To ignore, add // eslint-disable-next-line to the line before.

WARNING in [eslint] 
src/App.js
  Line 13:8:  'img6' is defined but never used  no-unused-vars

webpack compiled with 1 warning
